C51 COMPILER V9.02   LAYOUT                                                                02/14/2012 22:33:57 PAGE 1   


C51 COMPILER V9.02, COMPILATION OF MODULE LAYOUT
OBJECT MODULE PLACED IN .\bin\layout.obj
COMPILER INVOKED BY: C:\Keil\C51\BIN\C51.EXE src\layout.c BROWSE DEBUG OBJECTEXTEND PRINT(.\lst\layout.lst) TABS(2) OBJE
                    -CT(.\bin\layout.obj)

line level    source

   1          unsigned char code sPanel[] = 
   2          {
   3            //page0
   4            48,49,50,51,52,53,54,55,56,57,
   5            65,66,67,68,69,70,71,72,73,74,
   6            75,76,77,78,79,80,81,82,83,84,
   7            85,86,87,88,89,90, 0, 0, 0, 0,
   8            0,0,0,0,0,0,0,0,0,0,
   9            0,0,0,0,0,0,0,0,0,0,
  10            0,0,0,0,0,0,0,0,0,0,
  11            1,2,3,4,5,6,7,8,9,10,
  12            //page1
  13            15,16,17,0,0,0,0,0,0,0,
  14            19,20,21,0,0,0,0,0,0,0,
  15            22,23,24,0,0,0,0,0,0,0,
  16            25,26,27,0,0,0,0,0,0,0,
  17            0,0,0,0,0,0,0,0,0,0,
  18            0,0,0,0,0,0,0,0,0,0,
  19            0,0,0,0,0,0,0,0,0,0,
  20            1,2,3,4,5,6,7,8,9,10,
  21            //page2
  22            0,0,0,0,0,0,0,0,0,0,
  23            0,0,0,0,0,0,0,0,0,0,
  24            0,0,0,0,0,0,0,0,0,0,
  25            0,0,0,0,0,0,0,0,0,0,
  26            0,0,0,0,0,0,0,0,0,0,
  27            0,0,0,0,0,0,0,0,0,0,
  28            0,0,0,0,0,0,0,0,0,0,
  29            1,2,3,4,5,6,7,8,9,10,
  30            //page3
  31            0,0,0,0,0,0,0,0,0,0,
  32            0,0,0,0,0,0,0,0,0,0,
  33            0,0,0,0,0,0,0,0,0,0,
  34            0,0,0,0,0,0,0,0,0,0,
  35            0,0,0,0,0,0,0,0,0,0,
  36            0,0,0,0,0,0,0,0,0,0,
  37            0,0,0,0,0,0,0,0,0,0,
  38            1,2,3,4,5,6,7,8,9,10,
  39            //page4
  40            0,0,0,0,0,0,0,0,0,0,
  41            0,0,0,0,0,0,0,0,0,0,
  42            0,0,0,0,0,0,0,0,0,0,
  43            0,0,0,0,0,0,0,0,0,0,
  44            0,0,0,0,0,0,0,0,0,0,
  45            0,0,0,0,0,0,0,0,0,0,
  46            0,0,0,0,0,0,0,0,0,0,
  47            1,2,3,4,5,6,7,8,9,10,
  48            //page5
  49            0,0,0,0,0,0,0,0,0,0,
  50            0,0,0,0,0,0,0,0,0,0,
  51            0,0,0,0,0,0,0,0,0,0,
  52            0,0,0,0,0,0,0,0,0,0,
  53            0,0,0,0,0,0,0,0,0,0,
  54            0,0,0,0,0,0,0,0,0,0,
C51 COMPILER V9.02   LAYOUT                                                                02/14/2012 22:33:57 PAGE 2   

  55            0,0,0,0,0,0,0,0,0,0,
  56            1,2,3,4,5,6,7,8,9,10,
  57          };


MODULE INFORMATION:   STATIC OVERLAYABLE
   CODE SIZE        =   ----    ----
   CONSTANT SIZE    =    480    ----
   XDATA SIZE       =   ----    ----
   PDATA SIZE       =   ----    ----
   DATA SIZE        =   ----    ----
   IDATA SIZE       =   ----    ----
   BIT SIZE         =   ----    ----
END OF MODULE INFORMATION.


C51 COMPILATION COMPLETE.  0 WARNING(S),  0 ERROR(S)
